239
13 12 328 194
   0       0    -10    -1   -1    2    3    1   -1   -1   -1
   1      13    -10     0    2    3   -1   -1   -1   -1   -1
   2       0      2    -1   -1    4    5    3    1    0   -1
   3      13      2     2    4    5   -1   -1   -1    1    0
   4       0     14    -1   -1    7    8    5    3    2   -1
   5      13     14     4    7    8    9    6   -1    3    2
   6      26     14     5    8    9   -1   -1   -1   -1   -1
   7       0     26    -1   -1   10   11    8    5    4   -1
   8      13     26     7   10   11   12    9    6    5    4
   9      26     26     8   11   12   -1   -1   -1    6    5
  10       0     38    -1   -1   14   15   11    8    7   -1
  11      13     38    10   14   15   16   12    9    8    7
  12      26     38    11   15   16   17   13   -1    9    8
  13      39     38    12   16   17   -1   -1   -1   -1   -1
  14       0     50    -1   -1   18   19   15   11   10   -1
  15      13     50    14   18   19   20   16   12   11   10
  16      26     50    15   19   20   21   17   13   12   11
  17      39     50    16   20   21   -1   -1   -1   13   12
  18       0     62    -1   -1   27   28   19   15   14   -1
  19      13     62    18   27   28   29   20   16   15   14
  20      26     62    19   28   29   30   21   17   16   15
  21      39     62    20   29   30   31   22   -1   17   16
  22      52     62    21   30   31   -1   -1   -1   -1   -1
  23      65     62    -1   -1   32   33   24   -1   -1   -1
  24      78     62    23   32   33   34   25   -1   -1   -1
  25      91     62    24   33   34   35   26   -1   -1   -1
  26     104     62    25   34   35   -1   -1   -1   -1   -1
  27       0     74    -1   -1   38   39   28   19   18   -1
  28      13     74    27   38   39   40   29   20   19   18
  29      26     74    28   39   40   41   30   21   20   19
  30      39     74    29   40   41   42   31   22   21   20
  31      52     74    30   41   42   -1   -1   -1   22   21
  32      65     74    -1   -1   43   44   33   24   23   -1
  33      78     74    32   43   44   45   34   25   24   23
  34      91     74    33   44   45   46   35   26   25   24
  35     104     74    34   45   46   47   36   -1   26   25
  36     117     74    35   46   47   48   37   -1   -1   -1
  37     130     74    36   47   48   -1   -1   -1   -1   -1
  38       0     86    -1   -1   51   52   39   28   27   -1
  39      13     86    38   51   52   53   40   29   28   27
  40      26     86    39   52   53   54   41   30   29   28
  41      39     86    40   53   54   55   42   31   30   29
  42      52     86    41   54   55   56   43   -1   31   30
  43      65     86    42   55   56   -1   44   33   32   -1
  44      78     86    43   -1   57   58   45   34   33   32
  45      91     86    44   57   58   59   46   35   34   33
  46     104     86    45   58   59   60   47   36   35   34
  47     117     86    46   59   60   61   48   37   36   35
  48     130     86    47   60   61   62   49   -1   37   36
  49     143     86    48   61   62   63   50   -1   -1   -1
  50     156     86    49   62   63   -1   -1   -1   -1   -1
  51       0     98    -1   -1   64   65   52   39   38   -1
  52      13     98    51   64   65   66   53   40   39   38
  53      26     98    52   65   66   67   54   41   40   39
  54      39     98    53   66   67   68   55   42   41   40
  55      52     98    54   67   68   69   56   43   42   41
  56      65     98    55   68   69   -1   -1   -1   43   42
  57      78     98    -1   -1   -1   -1   58   45   44   -1
  58      91     98    57   -1   71   72   59   46   45   44
  59     104     98    58   71   72   73   60   47   46   45
  60     117     98    59   72   73   74   61   48   47   46
  61     130     98    60   73   74   75   62   49   48   47
  62     143     98    61   74   75   76   63   50   49   48
  63     156     98    62   75   76   77   -1   -1   50   49
  64       0    110    -1   -1   83   84   65   52   51   -1
  65      13    110    64   83   84   85   66   53   52   51
  66      26    110    65   84   85   86   67   54   53   52
  67      39    110    66   85   86   87   68   55   54   53
  68      52    110    67   86   87   88   69   56   55   54
  69      65    110    68   87   88   89   70   -1   56   55
  70      78    110    69   88   89   -1   -1   -1   -1   -1
  71      91    110    -1   -1   90   91   72   59   58   -1
  72     104    110    71   90   91   92   73   60   59   58
  73     117    110    72   91   92   93   74   61   60   59
  74     130    110    73   92   93   94   75   62   61   60
  75     143    110    74   93   94   95   76   63   62   61
  76     156    110    75   94   95   96   77   -1   63   62
  77     169    110    76   95   96   97   78   -1   -1   63
  78     182    110    77   96   97   -1   -1   -1   -1   -1
  79     286    110    -1   -1  105  106   80   -1   -1   -1
  80     299    110    79  105  106  107   81   -1   -1   -1
  81     312    110    80  106  107  108   82   -1   -1   -1
  82     325    110    81  107  108   -1   -1   -1   -1   -1
  83       0    122    -1   -1  109  110   84   65   64   -1
  84      13    122    83  109  110  111   85   66   65   64
  85      26    122    84  110  111  112   86   67   66   65
  86      39    122    85  111  112  113   87   68   67   66
  87      52    122    86  112  113  114   88   69   68   67
  88      65    122    87  113  114  115   89   70   69   68
  89      78    122    88  114  115  116   90   -1   70   69
  90      91    122    89  115  116  117   91   72   71   -1
  91     104    122    90  116  117  118   92   73   72   71
  92     117    122    91  117  118  119   93   74   73   72
  93     130    122    92  118  119  120   94   75   74   73
  94     143    122    93  119  120  121   95   76   75   74
  95     156    122    94  120  121  122   96   77   76   75
  96     169    122    95  121  122  123   97   78   77   76
  97     182    122    96  122  123  124   98   -1   78   77
  98     195    122    97  123  124  125   99   -1   -1   -1
  99     208    122    98  124  125  126  100   -1   -1   -1
 100     221    122    99  125  126  127  101   -1   -1   -1
 101     234    122   100  126  127  128  102   -1   -1   -1
 102     247    122   101  127  128  129  103   -1   -1   -1
 103     260    122   102  128  129  130  104   -1   -1   -1
 104     273    122   103  129  130  131  105   -1   -1   -1
 105     286    122   104  130  131  132  106   80   79   -1
 106     299    122   105  131  132  133  107   81   80   79
 107     312    122   106  132  133  134  108   82   81   80
 108     325    122   107  133  134   -1   -1   -1   82   81
 109       0    134    -1   -1  135  136  110   84   83   -1
 110      13    134   109  135  136  137  111   85   84   83
 111      26    134   110  136  137  138  112   86   85   84
 112      39    134   111  137  138  139  113   87   86   85
 113      52    134   112  138  139  140  114   88   87   86
 114      65    134   113  139  140  141  115   89   88   87
 115      78    134   114  140  141  142  116   90   89   88
 116      91    134   115  141  142  143  117   91   90   89
 117     104    134   116  142  143  144  118   92   91   90
 118     117    134   117   -1   -1   -1  119   93   92   91
 119     130    134   118   -1  145  146  120   94   93   92
 120     143    134   119  145  146  147  121   95   94   93
 121     156    134   120  146  147  148  122   96   95   94
 122     169    134   121  147  148  149  123   97   96   95
 123     182    134   122  148  149  150  124   98   97   96
 124     195    134   123  149  150  151  125   99   98   97
 125     208    134   124  150  151  152  126  100   99   98
 126     221    134   125  151  152  153  127  101  100   99
 127     234    134   126  152  153  154  128  102  101  100
 128     247    134   127  153  154  155  129  103  102  101
 129     260    134   128  154  155  156  130  104  103  102
 130     273    134   129  155  156   -1  131  105  104  103
 131     286    134   130   -1  157  158  132  106  105  104
 132     299    134   131  157  158  159  133  107  106  105
 133     312    134   132  158  159  160  134  108  107  106
 134     325    134   133  159  160   -1   -1   -1  108  107
 135       0    146    -1   -1  161  162  136  110  109   -1
 136      13    146   135  161  162  163  137  111  110  109
 137      26    146   136  162  163  164  138  112  111  110
 138      39    146   137  163  164  165  139  113  112  111
 139      52    146   138  164  165  166  140  114  113  112
 140      65    146   139  165  166  167  141  115  114  113
 141      78    146   140  166  167  168  142  116  115  114
 142      91    146   141  167  168  169  143  117  116  115
 143     104    146   142  168  169  170  144   -1  117  116
 144     117    146   143  169  170  171  145   -1   -1  117
 145     130    146   144  170  171  172  146  120  119   -1
 146     143    146   145  171  172   -1  147  121  120  119
 147     156    146   146   -1   -1   -1  148  122  121  120
 148     169    146   147   -1   -1   -1  149  123  122  121
 149     182    146   148   -1   -1   -1  150  124  123  122
 150     195    146   149   -1  176  177  151  125  124  123
 151     208    146   150  176  177  178  152  126  125  124
 152     221    146   151  177  178  179  153  127  126  125
 153     234    146   152  178  179  180  154  128  127  126
 154     247    146   153  179  180  181  155  129  128  127
 155     260    146   154  180  181  182  156  130  129  128
 156     273    146   155  181  182  183  157   -1  130  129
 157     286    146   156  182  183  184  158  132  131   -1
 158     299    146   157  183  184  185  159  133  132  131
 159     312    146   158  184  185  186  160  134  133  132
 160     325    146   159  185  186   -1   -1   -1  134  133
 161       0    158    -1   -1  187  188  162  136  135   -1
 162      13    158   161  187  188  189  163  137  136  135
 163      26    158   162  188  189  190  164  138  137  136
 164      39    158   163  189  190  191  165  139  138  137
 165      52    158   164  190  191  192  166  140  139  138
 166      65    158   165  191  192  193  167  141  140  139
 167      78    158   166  192  193  194  168  142  141  140
 168      91    158   167  193  194  195  169  143  142  141
 169     104    158   168  194  195  196  170  144  143  142
 170     117    158   169  195  196  197  171  145  144  143
 171     130    158   170  196  197  198  172  146  145  144
 172     143    158   171  197  198  199  173   -1  146  145
 173     156    158   172  198  199  200  174   -1   -1   -1
 174     169    158   173  199  200  201  175   -1   -1   -1
 175     182    158   174  200  201  202  176   -1   -1   -1
 176     195    158   175  201  202  203  177  151  150   -1
 177     208    158   176  202  203  204  178  152  151  150
 178     221    158   177  203  204  205  179  153  152  151
 179     234    158   178  204  205  206  180  154  153  152
 180     247    158   179  205  206  207  181  155  154  153
 181     260    158   180  206  207  208  182  156  155  154
 182     273    158   181  207  208  209  183  157  156  155
 183     286    158   182  208  209  210  184  158  157  156
 184     299    158   183  209  210  211  185  159  158  157
 185     312    158   184  210  211  212  186  160  159  158
 186     325    158   185  211  212   -1   -1   -1  160  159
 187       0    170    -1   -1  213  214  188  162  161   -1
 188      13    170   187  213  214  215  189  163  162  161
 189      26    170   188  214  215  216  190  164  163  162
 190      39    170   189  215  216  217  191  165  164  163
 191      52    170   190  216  217  218  192  166  165  164
 192      65    170   191  217  218  219  193  167  166  165
 193      78    170   192  218  219  220  194  168  167  166
 194      91    170   193  219  220  221  195  169  168  167
 195     104    170   194  220  221  222  196  170  169  168
 196     117    170   195  221  222  223  197  171  170  169
 197     130    170   196  222  223  224  198  172  171  170
 198     143    170   197  223  224  225  199  173  172  171
 199     156    170   198  224  225  226  200  174  173  172
 200     169    170   199  225  226  227  201  175  174  173
 201     182    170   200  226  227  228  202  176  175  174
 202     195    170   201  227  228  229  203  177  176  175
 203     208    170   202  228  229  230  204  178  177  176
 204     221    170   203  229  230  231  205  179  178  177
 205     234    170   204  230  231  232  206  180  179  178
 206     247    170   205  231  232  233  207  181  180  179
 207     260    170   206  232  233  234  208  182  181  180
 208     273    170   207  233  234  235  209  183  182  181
 209     286    170   208  234  235  236  210  184  183  182
 210     299    170   209  235  236  237  211  185  184  183
 211     312    170   210  236  237  238  212  186  185  184
 212     325    170   211  237  238   -1   -1   -1  186  185
 213       0    182    -1   -1   -1   -1  214  188  187   -1
 214      13    182   213   -1   -1   -1  215  189  188  187
 215      26    182   214   -1   -1   -1  216  190  189  188
 216      39    182   215   -1   -1   -1  217  191  190  189
 217      52    182   216   -1   -1   -1  218  192  191  190
 218      65    182   217   -1   -1   -1  219  193  192  191
 219      78    182   218   -1   -1   -1  220  194  193  192
 220      91    182   219   -1   -1   -1  221  195  194  193
 221     104    182   220   -1   -1   -1  222  196  195  194
 222     117    182   221   -1   -1   -1  223  197  196  195
 223     130    182   222   -1   -1   -1  224  198  197  196
 224     143    182   223   -1   -1   -1  225  199  198  197
 225     156    182   224   -1   -1   -1  226  200  199  198
 226     169    182   225   -1   -1   -1  227  201  200  199
 227     182    182   226   -1   -1   -1  228  202  201  200
 228     195    182   227   -1   -1   -1  229  203  202  201
 229     208    182   228   -1   -1   -1  230  204  203  202
 230     221    182   229   -1   -1   -1  231  205  204  203
 231     234    182   230   -1   -1   -1  232  206  205  204
 232     247    182   231   -1   -1   -1  233  207  206  205
 233     260    182   232   -1   -1   -1  234  208  207  206
 234     273    182   233   -1   -1   -1  235  209  208  207
 235     286    182   234   -1   -1   -1  236  210  209  208
 236     299    182   235   -1   -1   -1  237  211  210  209
 237     312    182   236   -1   -1   -1  238  212  211  210
 238     325    182   237   -1   -1   -1   -1   -1  212  211
