76
26 20 328 194
   0       0     -6    -1   -1    1   -1   -1   -1   -1   -1
   1       0     14    -1   -1    3    4    2   -1    0   -1
   2      26     14     1    3    4   -1   -1   -1   -1   -1
   3       0     34    -1   -1    5    6    4    2    1   -1
   4      26     34     3    5    6   -1   -1   -1    2    1
   5       0     54    -1   -1   10   11    6    4    3   -1
   6      26     54     5   10   11   12    7   -1    4    3
   7      52     54     6   11   12   13    8   -1   -1   -1
   8      78     54     7   12   13   14    9   -1   -1   -1
   9     104     54     8   13   14   -1   -1   -1   -1   -1
  10       0     74    -1   -1   17   18   11    6    5   -1
  11      26     74    10   17   18   19   12    7    6    5
  12      52     74    11   18   19   20   13    8    7    6
  13      78     74    12   19   20   21   14    9    8    7
  14     104     74    13   20   21   22   15   -1    9    8
  15     130     74    14   21   22   23   16   -1   -1   -1
  16     156     74    15   22   23   -1   -1   -1   -1   -1
  17       0     94    -1   -1   24   25   18   11   10   -1
  18      26     94    17   24   25   26   19   12   11   10
  19      52     94    18   25   26   -1   20   13   12   11
  20      78     94    19   -1   27   28   21   14   13   12
  21     104     94    20   27   28   29   22   15   14   13
  22     130     94    21   28   29   30   23   16   15   14
  23     156     94    22   29   30   -1   -1   -1   16   15
  24       0    114    -1   -1   37   38   25   18   17   -1
  25      26    114    24   37   38   39   26   19   18   17
  26      52    114    25   38   39   40   27   -1   19   18
  27      78    114    26   39   40   41   28   21   20   -1
  28     104    114    27   40   41   42   29   22   21   20
  29     130    114    28   41   42   43   30   23   22   21
  30     156    114    29   42   43   44   31   -1   23   22
  31     182    114    30   43   44   45   32   -1   -1   -1
  32     208    114    31   44   45   46   33   -1   -1   -1
  33     234    114    32   45   46   47   34   -1   -1   -1
  34     260    114    33   46   47   48   35   -1   -1   -1
  35     286    114    34   47   48   49   36   -1   -1   -1
  36     312    114    35   48   49   -1   -1   -1   -1   -1
  37       0    134    -1   -1   50   51   38   25   24   -1
  38      26    134    37   50   51   52   39   26   25   24
  39      52    134    38   51   52   53   40   27   26   25
  40      78    134    39   52   53   54   41   28   27   26
  41     104    134    40   53   54   55   42   29   28   27
  42     130    134    41   54   55   -1   43   30   29   28
  43     156    134    42   -1   56   -1   44   31   30   29
  44     182    134    43   56   57   58   45   32   31   30
  45     208    134    44   57   58   59   46   33   32   31
  46     234    134    45   58   59   60   47   34   33   32
  47     260    134    46   59   60   61   48   35   34   33
  48     286    134    47   60   61   62   49   36   35   34
  49     312    134    48   61   62   -1   -1   -1   36   35
  50       0    154    -1   -1   63   64   51   38   37   -1
  51      26    154    50   63   64   65   52   39   38   37
  52      52    154    51   64   65   66   53   40   39   38
  53      78    154    52   65   66   67   54   41   40   39
  54     104    154    53   66   67   68   55   42   41   40
  55     130    154    54   67   68   69   56   -1   42   41
  56     156    154    55   68   69   70   57   44   43   -1
  57     182    154    56   69   70   71   58   45   44   -1
  58     208    154    57   70   71   72   59   46   45   44
  59     234    154    58   71   72   73   60   47   46   45
  60     260    154    59   72   73   74   61   48   47   46
  61     286    154    60   73   74   75   62   49   48   47
  62     312    154    61   74   75   -1   -1   -1   49   48
  63       0    174    -1   -1   -1   -1   64   51   50   -1
  64      26    174    63   -1   -1   -1   65   52   51   50
  65      52    174    64   -1   -1   -1   66   53   52   51
  66      78    174    65   -1   -1   -1   67   54   53   52
  67     104    174    66   -1   -1   -1   68   55   54   53
  68     130    174    67   -1   -1   -1   69   56   55   54
  69     156    174    68   -1   -1   -1   70   57   56   55
  70     182    174    69   -1   -1   -1   71   58   57   56
  71     208    174    70   -1   -1   -1   72   59   58   57
  72     234    174    71   -1   -1   -1   73   60   59   58
  73     260    174    72   -1   -1   -1   74   61   60   59
  74     286    174    73   -1   -1   -1   75   62   61   60
  75     312    174    74   -1   -1   -1   -1   -1   62   61
