160
16 16 328 194
   0       0     -4    -1   -1    2    3    1   -1   -1   -1
   1      16     -4     0    2    3   -1   -1   -1   -1   -1
   2       0     12    -1   -1    4    5    3    1    0   -1
   3      16     12     2    4    5   -1   -1   -1    1    0
   4       0     28    -1   -1    7    8    5    3    2   -1
   5      16     28     4    7    8    9    6   -1    3    2
   6      32     28     5    8    9   -1   -1   -1   -1   -1
   7       0     44    -1   -1   11   12    8    5    4   -1
   8      16     44     7   11   12   13    9    6    5    4
   9      32     44     8   12   13   14   10   -1    6    5
  10      48     44     9   13   14   -1   -1   -1   -1   -1
  11       0     60    -1   -1   19   20   12    8    7   -1
  12      16     60    11   19   20   21   13    9    8    7
  13      32     60    12   20   21   22   14   10    9    8
  14      48     60    13   21   22   -1   -1   -1   10    9
  15      64     60    -1   -1   23   24   16   -1   -1   -1
  16      80     60    15   23   24   25   17   -1   -1   -1
  17      96     60    16   24   25   26   18   -1   -1   -1
  18     112     60    17   25   26   -1   -1   -1   -1   -1
  19       0     76    -1   -1   29   30   20   12   11   -1
  20      16     76    19   29   30   31   21   13   12   11
  21      32     76    20   30   31   32   22   14   13   12
  22      48     76    21   31   32   33   23   -1   14   13
  23      64     76    22   32   33   34   24   16   15   -1
  24      80     76    23   33   34   35   25   17   16   15
  25      96     76    24   34   35   36   26   18   17   16
  26     112     76    25   35   36   37   27   -1   18   17
  27     128     76    26   36   37   38   28   -1   -1   -1
  28     144     76    27   37   38   -1   -1   -1   -1   -1
  29       0     92    -1   -1   40   41   30   20   19   -1
  30      16     92    29   40   41   42   31   21   20   19
  31      32     92    30   41   42   43   32   22   21   20
  32      48     92    31   42   43   44   33   23   22   21
  33      64     92    32   43   44   -1   34   24   23   22
  34      80     92    33   -1   -1   -1   35   25   24   23
  35      96     92    34   -1   46   47   36   26   25   24
  36     112     92    35   46   47   48   37   27   26   25
  37     128     92    36   47   48   49   38   28   27   26
  38     144     92    37   48   49   50   39   -1   28   27
  39     160     92    38   49   50   -1   -1   -1   -1   -1
  40       0    108    -1   -1   55   56   41   30   29   -1
  41      16    108    40   55   56   57   42   31   30   29
  42      32    108    41   56   57   58   43   32   31   30
  43      48    108    42   57   58   59   44   33   32   31
  44      64    108    43   58   59   60   45   -1   33   32
  45      80    108    44   59   60   -1   -1   -1   -1   -1
  46      96    108    -1   -1   61   62   47   36   35   -1
  47     112    108    46   61   62   63   48   37   36   35
  48     128    108    47   62   63   64   49   38   37   36
  49     144    108    48   63   64   65   50   39   38   37
  50     160    108    49   64   65   66   51   -1   39   38
  51     176    108    50   65   66   67   -1   -1   -1   -1
  52     288    108    -1   -1   73   74   53   -1   -1   -1
  53     304    108    52   73   74   75   54   -1   -1   -1
  54     320    108    53   74   75   -1   -1   -1   -1   -1
  55       0    124    -1   -1   76   77   56   41   40   -1
  56      16    124    55   76   77   78   57   42   41   40
  57      32    124    56   77   78   79   58   43   42   41
  58      48    124    57   78   79   80   59   44   43   42
  59      64    124    58   79   80   81   60   45   44   43
  60      80    124    59   80   81   82   61   -1   45   44
  61      96    124    60   81   82   -1   62   47   46   -1
  62     112    124    61   -1   83   84   63   48   47   46
  63     128    124    62   83   84   85   64   49   48   47
  64     144    124    63   84   85   86   65   50   49   48
  65     160    124    64   85   86   87   66   51   50   49
  66     176    124    65   86   87   88   67   -1   51   50
  67     192    124    66   87   88   89   68   -1   -1   51
  68     208    124    67   88   89   90   69   -1   -1   -1
  69     224    124    68   89   90   91   70   -1   -1   -1
  70     240    124    69   90   91   92   71   -1   -1   -1
  71     256    124    70   91   92   93   72   -1   -1   -1
  72     272    124    71   92   93   -1   73   -1   -1   -1
  73     288    124    72   -1   94   95   74   53   52   -1
  74     304    124    73   94   95   96   75   54   53   52
  75     320    124    74   95   96   -1   -1   -1   54   53
  76       0    140    -1   -1   97   98   77   56   55   -1
  77      16    140    76   97   98   99   78   57   56   55
  78      32    140    77   98   99  100   79   58   57   56
  79      48    140    78   99  100  101   80   59   58   57
  80      64    140    79  100  101  102   81   60   59   58
  81      80    140    80  101  102  103   82   61   60   59
  82      96    140    81  102  103  104   83   -1   61   60
  83     112    140    82  103  104  105   84   63   62   -1
  84     128    140    83  104  105  106   85   64   63   62
  85     144    140    84  105  106   -1   86   65   64   63
  86     160    140    85   -1   -1   -1   87   66   65   64
  87     176    140    86   -1   -1   -1   88   67   66   65
  88     192    140    87   -1  109  110   89   68   67   66
  89     208    140    88  109  110   -1   90   69   68   67
  90     224    140    89  110  111  112   91   70   69   68
  91     240    140    90  111  112  113   92   71   70   69
  92     256    140    91  112  113  114   93   72   71   70
  93     272    140    92  113  114  115   94   -1   72   71
  94     288    140    93  114  115  116   95   74   73   -1
  95     304    140    94  115  116  117   96   75   74   73
  96     320    140    95  116  117   -1   -1   -1   75   74
  97       0    156    -1   -1  118  119   98   77   76   -1
  98      16    156    97  118  119  120   99   78   77   76
  99      32    156    98  119  120  121  100   79   78   77
 100      48    156    99  120  121  122  101   80   79   78
 101      64    156   100  121  122  123  102   81   80   79
 102      80    156   101  122  123  124  103   82   81   80
 103      96    156   102  123  124  125  104   83   82   81
 104     112    156   103  124  125  126  105   84   83   82
 105     128    156   104  125  126  127  106   85   84   83
 106     144    156   105  126  127  128  107   -1   85   84
 107     160    156   106  127  128  129  108   -1   -1   -1
 108     176    156   107  128  129  130  109   -1   -1   -1
 109     192    156   108  129  130  131  110   89   88   -1
 110     208    156   109  130  131  132  111   90   89   88
 111     224    156   110  131  132  133  112   91   90   -1
 112     240    156   111  132  133  134  113   92   91   90
 113     256    156   112  133  134  135  114   93   92   91
 114     272    156   113  134  135  136  115   94   93   92
 115     288    156   114  135  136  137  116   95   94   93
 116     304    156   115  136  137  138  117   96   95   94
 117     320    156   116  137  138   -1   -1   -1   96   95
 118       0    172    -1   -1  139  140  119   98   97   -1
 119      16    172   118  139  140  141  120   99   98   97
 120      32    172   119  140  141  142  121  100   99   98
 121      48    172   120  141  142  143  122  101  100   99
 122      64    172   121  142  143  144  123  102  101  100
 123      80    172   122  143  144  145  124  103  102  101
 124      96    172   123  144  145  146  125  104  103  102
 125     112    172   124  145  146  147  126  105  104  103
 126     128    172   125  146  147  148  127  106  105  104
 127     144    172   126  147  148  149  128  107  106  105
 128     160    172   127  148  149  150  129  108  107  106
 129     176    172   128  149  150  151  130  109  108  107
 130     192    172   129  150  151  152  131  110  109  108
 131     208    172   130  151  152  153  132  111  110  109
 132     224    172   131  152  153  154  133  112  111  110
 133     240    172   132  153  154  155  134  113  112  111
 134     256    172   133  154  155  156  135  114  113  112
 135     272    172   134  155  156  157  136  115  114  113
 136     288    172   135  156  157  158  137  116  115  114
 137     304    172   136  157  158  159  138  117  116  115
 138     320    172   137  158  159   -1   -1   -1  117  116
 139       0    188    -1   -1   -1   -1  140  119  118   -1
 140      16    188   139   -1   -1   -1  141  120  119  118
 141      32    188   140   -1   -1   -1  142  121  120  119
 142      48    188   141   -1   -1   -1  143  122  121  120
 143      64    188   142   -1   -1   -1  144  123  122  121
 144      80    188   143   -1   -1   -1  145  124  123  122
 145      96    188   144   -1   -1   -1  146  125  124  123
 146     112    188   145   -1   -1   -1  147  126  125  124
 147     128    188   146   -1   -1   -1  148  127  126  125
 148     144    188   147   -1   -1   -1  149  128  127  126
 149     160    188   148   -1   -1   -1  150  129  128  127
 150     176    188   149   -1   -1   -1  151  130  129  128
 151     192    188   150   -1   -1   -1  152  131  130  129
 152     208    188   151   -1   -1   -1  153  132  131  130
 153     224    188   152   -1   -1   -1  154  133  132  131
 154     240    188   153   -1   -1   -1  155  134  133  132
 155     256    188   154   -1   -1   -1  156  135  134  133
 156     272    188   155   -1   -1   -1  157  136  135  134
 157     288    188   156   -1   -1   -1  158  137  136  135
 158     304    188   157   -1   -1   -1  159  138  137  136
 159     320    188   158   -1   -1   -1   -1   -1  138  137
