120
21 15 328 194
   0       0     -1    -1   -1    2    3    1   -1   -1   -1
   1      21     -1     0    2    3   -1   -1   -1   -1   -1
   2       0     14    -1   -1    4    5    3    1    0   -1
   3      21     14     2    4    5   -1   -1   -1    1    0
   4       0     29    -1   -1    6    7    5    3    2   -1
   5      21     29     4    6    7    8   -1   -1    3    2
   6       0     44    -1   -1    9   10    7    5    4   -1
   7      21     44     6    9   10   11    8   -1    5    4
   8      42     44     7   10   11   12   -1   -1   -1    5
   9       0     59    -1   -1   15   16   10    7    6   -1
  10      21     59     9   15   16   17   11    8    7    6
  11      42     59    10   16   17   18   12   -1    8    7
  12      63     59    11   17   18   19   13   -1   -1    8
  13      84     59    12   18   19   20   14   -1   -1   -1
  14     105     59    13   19   20   21   -1   -1   -1   -1
  15       0     74    -1   -1   22   23   16   10    9   -1
  16      21     74    15   22   23   24   17   11   10    9
  17      42     74    16   23   24   25   18   12   11   10
  18      63     74    17   24   25   26   19   13   12   11
  19      84     74    18   25   26   27   20   14   13   12
  20     105     74    19   26   27   28   21   -1   14   13
  21     126     74    20   27   28   29   -1   -1   -1   14
  22       0     89    -1   -1   30   31   23   16   15   -1
  23      21     89    22   30   31   32   24   17   16   15
  24      42     89    23   31   32   33   25   18   17   16
  25      63     89    24   32   33   34   26   19   18   17
  26      84     89    25   33   34   35   27   20   19   18
  27     105     89    26   34   35   36   28   21   20   19
  28     126     89    27   35   36   37   29   -1   21   20
  29     147     89    28   36   37   38   -1   -1   -1   21
  30       0    104    -1   -1   40   41   31   23   22   -1
  31      21    104    30   40   41   42   32   24   23   22
  32      42    104    31   41   42   43   33   25   24   23
  33      63    104    32   42   43   44   34   26   25   24
  34      84    104    33   43   44   45   35   27   26   25
  35     105    104    34   44   45   46   36   28   27   26
  36     126    104    35   45   46   47   37   29   28   27
  37     147    104    36   46   47   48   38   -1   29   28
  38     168    104    37   47   48   49   -1   -1   -1   29
  39     315    104    -1   54   55   -1   -1   -1   -1   -1
  40       0    119    -1   -1   56   57   41   31   30   -1
  41      21    119    40   56   57   58   42   32   31   30
  42      42    119    41   57   58   59   43   33   32   31
  43      63    119    42   58   59   60   44   34   33   32
  44      84    119    43   59   60   61   45   35   34   33
  45     105    119    44   60   61   62   46   36   35   34
  46     126    119    45   61   62   63   47   37   36   35
  47     147    119    46   62   63   64   48   38   37   36
  48     168    119    47   63   64   65   49   -1   38   37
  49     189    119    48   64   65   66   50   -1   -1   38
  50     210    119    49   65   66   67   51   -1   -1   -1
  51     231    119    50   66   67   68   52   -1   -1   -1
  52     252    119    51   67   68   69   53   -1   -1   -1
  53     273    119    52   68   69   70   54   -1   -1   -1
  54     294    119    53   69   70   71   55   39   -1   -1
  55     315    119    54   70   71   -1   -1   -1   39   -1
  56       0    134    -1   -1   72   73   57   41   40   -1
  57      21    134    56   72   73   74   58   42   41   40
  58      42    134    57   73   74   75   59   43   42   41
  59      63    134    58   74   75   76   60   44   43   42
  60      84    134    59   75   76   77   61   45   44   43
  61     105    134    60   76   77   78   62   46   45   44
  62     126    134    61   77   78   79   63   47   46   45
  63     147    134    62   78   79   80   64   48   47   46
  64     168    134    63   79   80   81   65   49   48   47
  65     189    134    64   80   81   82   66   50   49   48
  66     210    134    65   81   82   83   67   51   50   49
  67     231    134    66   82   83   84   68   52   51   50
  68     252    134    67   83   84   85   69   53   52   51
  69     273    134    68   84   85   86   70   54   53   52
  70     294    134    69   85   86   87   71   55   54   53
  71     315    134    70   86   87   -1   -1   -1   55   54
  72       0    149    -1   -1   88   89   73   57   56   -1
  73      21    149    72   88   89   90   74   58   57   56
  74      42    149    73   89   90   91   75   59   58   57
  75      63    149    74   90   91   92   76   60   59   58
  76      84    149    75   91   92   93   77   61   60   59
  77     105    149    76   92   93   94   78   62   61   60
  78     126    149    77   93   94   95   79   63   62   61
  79     147    149    78   94   95   96   80   64   63   62
  80     168    149    79   95   96   97   81   65   64   63
  81     189    149    80   96   97   98   82   66   65   64
  82     210    149    81   97   98   99   83   67   66   65
  83     231    149    82   98   99  100   84   68   67   66
  84     252    149    83   99  100  101   85   69   68   67
  85     273    149    84  100  101  102   86   70   69   68
  86     294    149    85  101  102  103   87   71   70   69
  87     315    149    86  102  103   -1   -1   -1   71   70
  88       0    164    -1   -1  104  105   89   73   72   -1
  89      21    164    88  104  105  106   90   74   73   72
  90      42    164    89  105  106  107   91   75   74   73
  91      63    164    90  106  107  108   92   76   75   74
  92      84    164    91  107  108  109   93   77   76   75
  93     105    164    92  108  109  110   94   78   77   76
  94     126    164    93  109  110  111   95   79   78   77
  95     147    164    94  110  111  112   96   80   79   78
  96     168    164    95  111  112  113   97   81   80   79
  97     189    164    96  112  113  114   98   82   81   80
  98     210    164    97  113  114  115   99   83   82   81
  99     231    164    98  114  115  116  100   84   83   82
 100     252    164    99  115  116  117  101   85   84   83
 101     273    164   100  116  117  118  102   86   85   84
 102     294    164   101  117  118  119  103   87   86   85
 103     315    164   102  118  119   -1   -1   -1   87   86
 104       0    179    -1   -1   -1   -1  105   89   88   -1
 105      21    179   104   -1   -1   -1  106   90   89   88
 106      42    179   105   -1   -1   -1  107   91   90   89
 107      63    179   106   -1   -1   -1  108   92   91   90
 108      84    179   107   -1   -1   -1  109   93   92   91
 109     105    179   108   -1   -1   -1  110   94   93   92
 110     126    179   109   -1   -1   -1  111   95   94   93
 111     147    179   110   -1   -1   -1  112   96   95   94
 112     168    179   111   -1   -1   -1  113   97   96   95
 113     189    179   112   -1   -1   -1  114   98   97   96
 114     210    179   113   -1   -1   -1  115   99   98   97
 115     231    179   114   -1   -1   -1  116  100   99   98
 116     252    179   115   -1   -1   -1  117  101  100   99
 117     273    179   116   -1   -1   -1  118  102  101  100
 118     294    179   117   -1   -1   -1  119  103  102  101
 119     315    179   118   -1   -1   -1   -1   -1  103  102
