155
16 15 328 194
   0       0     -1    -1   -1    2    3    1   -1   -1   -1
   1      16     -1     0    2    3   -1   -1   -1   -1   -1
   2       0     14    -1   -1    4    5    3    1    0   -1
   3      16     14     2    4    5    6   -1   -1    1    0
   4       0     29    -1   -1    7    8    5    3    2   -1
   5      16     29     4    7    8    9    6   -1    3    2
   6      32     29     5    8    9   -1   -1   -1   -1    3
   7       0     44    -1   -1   10   11    8    5    4   -1
   8      16     44     7   10   11   12    9    6    5    4
   9      32     44     8   11   12   13   -1   -1    6    5
  10       0     59    -1   -1   17   18   11    8    7   -1
  11      16     59    10   17   18   19   12    9    8    7
  12      32     59    11   18   19   20   13   -1    9    8
  13      48     59    12   19   20   21   14   -1   -1    9
  14      64     59    13   20   21   22   15   -1   -1   -1
  15      80     59    14   21   22   23   16   -1   -1   -1
  16      96     59    15   22   23   24   -1   -1   -1   -1
  17       0     74    -1   -1   26   27   18   11   10   -1
  18      16     74    17   26   27   28   19   12   11   10
  19      32     74    18   27   28   29   20   13   12   11
  20      48     74    19   28   29   30   21   14   13   12
  21      64     74    20   29   30   31   22   15   14   13
  22      80     74    21   30   31   32   23   16   15   14
  23      96     74    22   31   32   33   24   -1   16   15
  24     112     74    23   32   33   34   25   -1   -1   16
  25     128     74    24   33   34   35   -1   -1   -1   -1
  26       0     89    -1   -1   37   38   27   18   17   -1
  27      16     89    26   37   38   39   28   19   18   17
  28      32     89    27   38   39   40   29   20   19   18
  29      48     89    28   39   40   41   30   21   20   19
  30      64     89    29   40   41   42   31   22   21   20
  31      80     89    30   41   42   43   32   23   22   21
  32      96     89    31   42   43   44   33   24   23   22
  33     112     89    32   43   44   45   34   25   24   23
  34     128     89    33   44   45   46   35   -1   25   24
  35     144     89    34   45   46   47   36   -1   -1   25
  36     160     89    35   46   47   48   -1   -1   -1   -1
  37       0    104    -1   -1   50   51   38   27   26   -1
  38      16    104    37   50   51   52   39   28   27   26
  39      32    104    38   51   52   53   40   29   28   27
  40      48    104    39   52   53   54   41   30   29   28
  41      64    104    40   53   54   55   42   31   30   29
  42      80    104    41   54   55   56   43   32   31   30
  43      96    104    42   55   56   57   44   33   32   31
  44     112    104    43   56   57   58   45   34   33   32
  45     128    104    44   57   58   59   46   35   34   33
  46     144    104    45   58   59   60   47   36   35   34
  47     160    104    46   59   60   61   48   -1   36   35
  48     176    104    47   60   61   62   -1   -1   -1   36
  49     320    104    -1   69   70   -1   -1   -1   -1   -1
  50       0    119    -1   -1   71   72   51   38   37   -1
  51      16    119    50   71   72   73   52   39   38   37
  52      32    119    51   72   73   74   53   40   39   38
  53      48    119    52   73   74   75   54   41   40   39
  54      64    119    53   74   75   76   55   42   41   40
  55      80    119    54   75   76   77   56   43   42   41
  56      96    119    55   76   77   78   57   44   43   42
  57     112    119    56   77   78   79   58   45   44   43
  58     128    119    57   78   79   80   59   46   45   44
  59     144    119    58   79   80   81   60   47   46   45
  60     160    119    59   80   81   82   61   48   47   46
  61     176    119    60   81   82   83   62   -1   48   47
  62     192    119    61   82   83   84   63   -1   -1   48
  63     208    119    62   83   84   85   64   -1   -1   -1
  64     224    119    63   84   85   86   65   -1   -1   -1
  65     240    119    64   85   86   87   66   -1   -1   -1
  66     256    119    65   86   87   88   67   -1   -1   -1
  67     272    119    66   87   88   89   68   -1   -1   -1
  68     288    119    67   88   89   90   69   -1   -1   -1
  69     304    119    68   89   90   91   70   49   -1   -1
  70     320    119    69   90   91   -1   -1   -1   49   -1
  71       0    134    -1   -1   92   93   72   51   50   -1
  72      16    134    71   92   93   94   73   52   51   50
  73      32    134    72   93   94   95   74   53   52   51
  74      48    134    73   94   95   96   75   54   53   52
  75      64    134    74   95   96   97   76   55   54   53
  76      80    134    75   96   97   98   77   56   55   54
  77      96    134    76   97   98   99   78   57   56   55
  78     112    134    77   98   99  100   79   58   57   56
  79     128    134    78   99  100  101   80   59   58   57
  80     144    134    79  100  101  102   81   60   59   58
  81     160    134    80  101  102  103   82   61   60   59
  82     176    134    81  102  103  104   83   62   61   60
  83     192    134    82  103  104  105   84   63   62   61
  84     208    134    83  104  105  106   85   64   63   62
  85     224    134    84  105  106  107   86   65   64   63
  86     240    134    85  106  107  108   87   66   65   64
  87     256    134    86  107  108  109   88   67   66   65
  88     272    134    87  108  109  110   89   68   67   66
  89     288    134    88  109  110  111   90   69   68   67
  90     304    134    89  110  111  112   91   70   69   68
  91     320    134    90  111  112   -1   -1   -1   70   69
  92       0    149    -1   -1  113  114   93   72   71   -1
  93      16    149    92  113  114  115   94   73   72   71
  94      32    149    93  114  115  116   95   74   73   72
  95      48    149    94  115  116  117   96   75   74   73
  96      64    149    95  116  117  118   97   76   75   74
  97      80    149    96  117  118  119   98   77   76   75
  98      96    149    97  118  119  120   99   78   77   76
  99     112    149    98  119  120  121  100   79   78   77
 100     128    149    99  120  121  122  101   80   79   78
 101     144    149   100  121  122  123  102   81   80   79
 102     160    149   101  122  123  124  103   82   81   80
 103     176    149   102  123  124  125  104   83   82   81
 104     192    149   103  124  125  126  105   84   83   82
 105     208    149   104  125  126  127  106   85   84   83
 106     224    149   105  126  127  128  107   86   85   84
 107     240    149   106  127  128  129  108   87   86   85
 108     256    149   107  128  129  130  109   88   87   86
 109     272    149   108  129  130  131  110   89   88   87
 110     288    149   109  130  131  132  111   90   89   88
 111     304    149   110  131  132  133  112   91   90   89
 112     320    149   111  132  133   -1   -1   -1   91   90
 113       0    164    -1   -1  134  135  114   93   92   -1
 114      16    164   113  134  135  136  115   94   93   92
 115      32    164   114  135  136  137  116   95   94   93
 116      48    164   115  136  137  138  117   96   95   94
 117      64    164   116  137  138  139  118   97   96   95
 118      80    164   117  138  139  140  119   98   97   96
 119      96    164   118  139  140  141  120   99   98   97
 120     112    164   119  140  141  142  121  100   99   98
 121     128    164   120  141  142  143  122  101  100   99
 122     144    164   121  142  143  144  123  102  101  100
 123     160    164   122  143  144  145  124  103  102  101
 124     176    164   123  144  145  146  125  104  103  102
 125     192    164   124  145  146  147  126  105  104  103
 126     208    164   125  146  147  148  127  106  105  104
 127     224    164   126  147  148  149  128  107  106  105
 128     240    164   127  148  149  150  129  108  107  106
 129     256    164   128  149  150  151  130  109  108  107
 130     272    164   129  150  151  152  131  110  109  108
 131     288    164   130  151  152  153  132  111  110  109
 132     304    164   131  152  153  154  133  112  111  110
 133     320    164   132  153  154   -1   -1   -1  112  111
 134       0    179    -1   -1   -1   -1  135  114  113   -1
 135      16    179   134   -1   -1   -1  136  115  114  113
 136      32    179   135   -1   -1   -1  137  116  115  114
 137      48    179   136   -1   -1   -1  138  117  116  115
 138      64    179   137   -1   -1   -1  139  118  117  116
 139      80    179   138   -1   -1   -1  140  119  118  117
 140      96    179   139   -1   -1   -1  141  120  119  118
 141     112    179   140   -1   -1   -1  142  121  120  119
 142     128    179   141   -1   -1   -1  143  122  121  120
 143     144    179   142   -1   -1   -1  144  123  122  121
 144     160    179   143   -1   -1   -1  145  124  123  122
 145     176    179   144   -1   -1   -1  146  125  124  123
 146     192    179   145   -1   -1   -1  147  126  125  124
 147     208    179   146   -1   -1   -1  148  127  126  125
 148     224    179   147   -1   -1   -1  149  128  127  126
 149     240    179   148   -1   -1   -1  150  129  128  127
 150     256    179   149   -1   -1   -1  151  130  129  128
 151     272    179   150   -1   -1   -1  152  131  130  129
 152     288    179   151   -1   -1   -1  153  132  131  130
 153     304    179   152   -1   -1   -1  154  133  132  131
 154     320    179   153   -1   -1   -1   -1   -1  133  132
