240
15 10 328 194
   0       0     -6    -1   -1    2    3    1   -1   -1   -1
   1      15     -6     0    2    3   -1   -1   -1   -1   -1
   2       0      4    -1   -1    4    5    3    1    0   -1
   3      15      4     2    4    5   -1   -1   -1    1    0
   4       0     14    -1   -1    6    7    5    3    2   -1
   5      15     14     4    6    7    8   -1   -1    3    2
   6       0     24    -1   -1    9   10    7    5    4   -1
   7      15     24     6    9   10   11    8   -1    5    4
   8      30     24     7   10   11   -1   -1   -1   -1    5
   9       0     34    -1   -1   12   13   10    7    6   -1
  10      15     34     9   12   13   14   11    8    7    6
  11      30     34    10   13   14   -1   -1   -1    8    7
  12       0     44    -1   -1   15   16   13   10    9   -1
  13      15     44    12   15   16   17   14   11   10    9
  14      30     44    13   16   17   18   -1   -1   11   10
  15       0     54    -1   -1   19   20   16   13   12   -1
  16      15     54    15   19   20   21   17   14   13   12
  17      30     54    16   20   21   22   18   -1   14   13
  18      45     54    17   21   22   23   -1   -1   -1   14
  19       0     64    -1   -1   27   28   20   16   15   -1
  20      15     64    19   27   28   29   21   17   16   15
  21      30     64    20   28   29   30   22   18   17   16
  22      45     64    21   29   30   31   23   -1   18   17
  23      60     64    22   30   31   32   24   -1   -1   18
  24      75     64    23   31   32   33   25   -1   -1   -1
  25      90     64    24   32   33   34   26   -1   -1   -1
  26     105     64    25   33   34   35   -1   -1   -1   -1
  27       0     74    -1   -1   36   37   28   20   19   -1
  28      15     74    27   36   37   38   29   21   20   19
  29      30     74    28   37   38   39   30   22   21   20
  30      45     74    29   38   39   40   31   23   22   21
  31      60     74    30   39   40   41   32   24   23   22
  32      75     74    31   40   41   42   33   25   24   23
  33      90     74    32   41   42   43   34   26   25   24
  34     105     74    33   42   43   44   35   -1   26   25
  35     120     74    34   43   44   45   -1   -1   -1   26
  36       0     84    -1   -1   47   48   37   28   27   -1
  37      15     84    36   47   48   49   38   29   28   27
  38      30     84    37   48   49   50   39   30   29   28
  39      45     84    38   49   50   51   40   31   30   29
  40      60     84    39   50   51   52   41   32   31   30
  41      75     84    40   51   52   53   42   33   32   31
  42      90     84    41   52   53   54   43   34   33   32
  43     105     84    42   53   54   55   44   35   34   33
  44     120     84    43   54   55   56   45   -1   35   34
  45     135     84    44   55   56   57   46   -1   -1   35
  46     150     84    45   56   57   58   -1   -1   -1   -1
  47       0     94    -1   -1   59   60   48   37   36   -1
  48      15     94    47   59   60   61   49   38   37   36
  49      30     94    48   60   61   62   50   39   38   37
  50      45     94    49   61   62   63   51   40   39   38
  51      60     94    50   62   63   -1   52   41   40   39
  52      75     94    51   63   -1   64   53   42   41   40
  53      90     94    52   -1   64   65   54   43   42   41
  54     105     94    53   64   65   66   55   44   43   42
  55     120     94    54   65   66   67   56   45   44   43
  56     135     94    55   66   67   68   57   46   45   44
  57     150     94    56   67   68   69   58   -1   46   45
  58     165     94    57   68   69   -1   -1   -1   -1   46
  59       0    104    -1   -1   70   71   60   48   47   -1
  60      15    104    59   70   71   72   61   49   48   47
  61      30    104    60   71   72   73   62   50   49   48
  62      45    104    61   72   73   74   63   51   50   49
  63      60    104    62   73   74   75   -1   52   51   50
  64      90    104    -1   75   76   77   65   54   53   52
  65     105    104    64   76   77   78   66   55   54   53
  66     120    104    65   77   78   79   67   56   55   54
  67     135    104    66   78   79   80   68   57   56   55
  68     150    104    67   79   80   81   69   58   57   56
  69     165    104    68   80   81   82   -1   -1   58   57
  70       0    114    -1   -1   86   87   71   60   59   -1
  71      15    114    70   86   87   88   72   61   60   59
  72      30    114    71   87   88   89   73   62   61   60
  73      45    114    72   88   89   90   74   63   62   61
  74      60    114    73   89   90   91   75   -1   63   62
  75      75    114    74   90   91   92   76   64   -1   63
  76      90    114    75   91   92   93   77   65   64   -1
  77     105    114    76   92   93   94   78   66   65   64
  78     120    114    77   93   94   95   79   67   66   65
  79     135    114    78   94   95   96   80   68   67   66
  80     150    114    79   95   96   97   81   69   68   67
  81     165    114    80   96   97   98   82   -1   69   68
  82     180    114    81   97   98   99   -1   -1   -1   69
  83     285    114    -1  104  105  106   84   -1   -1   -1
  84     300    114    83  105  106  107   85   -1   -1   -1
  85     315    114    84  106  107   -1   -1   -1   -1   -1
  86       0    124    -1   -1  108  109   87   71   70   -1
  87      15    124    86  108  109  110   88   72   71   70
  88      30    124    87  109  110  111   89   73   72   71
  89      45    124    88  110  111  112   90   74   73   72
  90      60    124    89  111  112  113   91   75   74   73
  91      75    124    90  112  113  114   92   76   75   74
  92      90    124    91  113  114  115   93   77   76   75
  93     105    124    92  114  115  116   94   78   77   76
  94     120    124    93  115  116  117   95   79   78   77
  95     135    124    94  116  117  118   96   80   79   78
  96     150    124    95  117  118  119   97   81   80   79
  97     165    124    96  118  119  120   98   82   81   80
  98     180    124    97  119  120  121   99   -1   82   81
  99     195    124    98  120  121  122  100   -1   -1   82
 100     210    124    99  121  122  123  101   -1   -1   -1
 101     225    124   100  122  123  124  102   -1   -1   -1
 102     240    124   101  123  124  125  103   -1   -1   -1
 103     255    124   102  124  125  126  104   -1   -1   -1
 104     270    124   103  125  126  127  105   83   -1   -1
 105     285    124   104  126  127  128  106   84   83   -1
 106     300    124   105  127  128  129  107   85   84   83
 107     315    124   106  128  129   -1   -1   -1   85   84
 108       0    134    -1   -1  130  131  109   87   86   -1
 109      15    134   108  130  131  132  110   88   87   86
 110      30    134   109  131  132  133  111   89   88   87
 111      45    134   110  132  133  134  112   90   89   88
 112      60    134   111  133  134  135  113   91   90   89
 113      75    134   112  134  135  136  114   92   91   90
 114      90    134   113  135  136  137  115   93   92   91
 115     105    134   114  136  137  138  116   94   93   92
 116     120    134   115  137  138  139  117   95   94   93
 117     135    134   116  138  139  140  118   96   95   94
 118     150    134   117  139  140  141  119   97   96   95
 119     165    134   118  140  141  142  120   98   97   96
 120     180    134   119  141  142  143  121   99   98   97
 121     195    134   120  142  143  144  122  100   99   98
 122     210    134   121  143  144  145  123  101  100   99
 123     225    134   122  144  145  146  124  102  101  100
 124     240    134   123  145  146  147  125  103  102  101
 125     255    134   124  146  147  148  126  104  103  102
 126     270    134   125  147  148  149  127  105  104  103
 127     285    134   126  148  149  150  128  106  105  104
 128     300    134   127  149  150  151  129  107  106  105
 129     315    134   128  150  151   -1   -1   -1  107  106
 130       0    144    -1   -1  152  153  131  109  108   -1
 131      15    144   130  152  153  154  132  110  109  108
 132      30    144   131  153  154  155  133  111  110  109
 133      45    144   132  154  155  156  134  112  111  110
 134      60    144   133  155  156  157  135  113  112  111
 135      75    144   134  156  157  158  136  114  113  112
 136      90    144   135  157  158  159  137  115  114  113
 137     105    144   136  158  159  160  138  116  115  114
 138     120    144   137  159  160  161  139  117  116  115
 139     135    144   138  160  161  162  140  118  117  116
 140     150    144   139  161  162  163  141  119  118  117
 141     165    144   140  162  163  164  142  120  119  118
 142     180    144   141  163  164  165  143  121  120  119
 143     195    144   142  164  165  166  144  122  121  120
 144     210    144   143  165  166  167  145  123  122  121
 145     225    144   144  166  167  168  146  124  123  122
 146     240    144   145  167  168  169  147  125  124  123
 147     255    144   146  168  169  170  148  126  125  124
 148     270    144   147  169  170  171  149  127  126  125
 149     285    144   148  170  171  172  150  128  127  126
 150     300    144   149  171  172  173  151  129  128  127
 151     315    144   150  172  173   -1   -1   -1  129  128
 152       0    154    -1   -1  174  175  153  131  130   -1
 153      15    154   152  174  175  176  154  132  131  130
 154      30    154   153  175  176  177  155  133  132  131
 155      45    154   154  176  177  178  156  134  133  132
 156      60    154   155  177  178  179  157  135  134  133
 157      75    154   156  178  179  180  158  136  135  134
 158      90    154   157  179  180  181  159  137  136  135
 159     105    154   158  180  181  182  160  138  137  136
 160     120    154   159  181  182  183  161  139  138  137
 161     135    154   160  182  183  184  162  140  139  138
 162     150    154   161  183  184  185  163  141  140  139
 163     165    154   162  184  185  186  164  142  141  140
 164     180    154   163  185  186  187  165  143  142  141
 165     195    154   164  186  187  188  166  144  143  142
 166     210    154   165  187  188  189  167  145  144  143
 167     225    154   166  188  189  190  168  146  145  144
 168     240    154   167  189  190  191  169  147  146  145
 169     255    154   168  190  191  192  170  148  147  146
 170     270    154   169  191  192  193  171  149  148  147
 171     285    154   170  192  193  194  172  150  149  148
 172     300    154   171  193  194  195  173  151  150  149
 173     315    154   172  194  195   -1   -1   -1  151  150
 174       0    164    -1   -1  196  197  175  153  152   -1
 175      15    164   174  196  197  198  176  154  153  152
 176      30    164   175  197  198  199  177  155  154  153
 177      45    164   176  198  199  200  178  156  155  154
 178      60    164   177  199  200  201  179  157  156  155
 179      75    164   178  200  201  202  180  158  157  156
 180      90    164   179  201  202  203  181  159  158  157
 181     105    164   180  202  203  204  182  160  159  158
 182     120    164   181  203  204  205  183  161  160  159
 183     135    164   182  204  205  206  184  162  161  160
 184     150    164   183  205  206  207  185  163  162  161
 185     165    164   184  206  207  208  186  164  163  162
 186     180    164   185  207  208  209  187  165  164  163
 187     195    164   186  208  209  210  188  166  165  164
 188     210    164   187  209  210  211  189  167  166  165
 189     225    164   188  210  211  212  190  168  167  166
 190     240    164   189  211  212  213  191  169  168  167
 191     255    164   190  212  213  214  192  170  169  168
 192     270    164   191  213  214  215  193  171  170  169
 193     285    164   192  214  215  216  194  172  171  170
 194     300    164   193  215  216  217  195  173  172  171
 195     315    164   194  216  217   -1   -1   -1  173  172
 196       0    174    -1   -1  218  219  197  175  174   -1
 197      15    174   196  218  219  220  198  176  175  174
 198      30    174   197  219  220  221  199  177  176  175
 199      45    174   198  220  221  222  200  178  177  176
 200      60    174   199  221  222  223  201  179  178  177
 201      75    174   200  222  223  224  202  180  179  178
 202      90    174   201  223  224  225  203  181  180  179
 203     105    174   202  224  225  226  204  182  181  180
 204     120    174   203  225  226  227  205  183  182  181
 205     135    174   204  226  227  228  206  184  183  182
 206     150    174   205  227  228  229  207  185  184  183
 207     165    174   206  228  229  230  208  186  185  184
 208     180    174   207  229  230  231  209  187  186  185
 209     195    174   208  230  231  232  210  188  187  186
 210     210    174   209  231  232  233  211  189  188  187
 211     225    174   210  232  233  234  212  190  189  188
 212     240    174   211  233  234  235  213  191  190  189
 213     255    174   212  234  235  236  214  192  191  190
 214     270    174   213  235  236  237  215  193  192  191
 215     285    174   214  236  237  238  216  194  193  192
 216     300    174   215  237  238  239  217  195  194  193
 217     315    174   216  238  239   -1   -1   -1  195  194
 218       0    184    -1   -1   -1   -1  219  197  196   -1
 219      15    184   218   -1   -1   -1  220  198  197  196
 220      30    184   219   -1   -1   -1  221  199  198  197
 221      45    184   220   -1   -1   -1  222  200  199  198
 222      60    184   221   -1   -1   -1  223  201  200  199
 223      75    184   222   -1   -1   -1  224  202  201  200
 224      90    184   223   -1   -1   -1  225  203  202  201
 225     105    184   224   -1   -1   -1  226  204  203  202
 226     120    184   225   -1   -1   -1  227  205  204  203
 227     135    184   226   -1   -1   -1  228  206  205  204
 228     150    184   227   -1   -1   -1  229  207  206  205
 229     165    184   228   -1   -1   -1  230  208  207  206
 230     180    184   229   -1   -1   -1  231  209  208  207
 231     195    184   230   -1   -1   -1  232  210  209  208
 232     210    184   231   -1   -1   -1  233  211  210  209
 233     225    184   232   -1   -1   -1  234  212  211  210
 234     240    184   233   -1   -1   -1  235  213  212  211
 235     255    184   234   -1   -1   -1  236  214  213  212
 236     270    184   235   -1   -1   -1  237  215  214  213
 237     285    184   236   -1   -1   -1  238  216  215  214
 238     300    184   237   -1   -1   -1  239  217  216  215
 239     315    184   238   -1   -1   -1   -1   -1  217  216
