238
14 11 328 194
   0       0     -4    -1   -1    2    3    1   -1   -1   -1
   1      14     -4     0    2    3   -1   -1   -1   -1   -1
   2       0      7    -1   -1    4    5    3    1    0   -1
   3      14      7     2    4    5   -1   -1   -1    1    0
   4       0     18    -1   -1    7    8    5    3    2   -1
   5      14     18     4    7    8    9    6   -1    3    2
   6      28     18     5    8    9   -1   -1   -1   -1   -1
   7       0     29    -1   -1   10   11    8    5    4   -1
   8      14     29     7   10   11   12    9    6    5    4
   9      28     29     8   11   12   -1   -1   -1    6    5
  10       0     40    -1   -1   13   14   11    8    7   -1
  11      14     40    10   13   14   15   12    9    8    7
  12      28     40    11   14   15   16   -1   -1    9    8
  13       0     51    -1   -1   17   18   14   11   10   -1
  14      14     51    13   17   18   19   15   12   11   10
  15      28     51    14   18   19   20   16   -1   12   11
  16      42     51    15   19   20   -1   -1   -1   -1   12
  17       0     62    -1   -1   25   26   18   14   13   -1
  18      14     62    17   25   26   27   19   15   14   13
  19      28     62    18   26   27   28   20   16   15   14
  20      42     62    19   27   28   29   21   -1   16   15
  21      56     62    20   28   29   -1   -1   -1   -1   -1
  22      70     62    -1   -1   30   31   23   -1   -1   -1
  23      84     62    22   30   31   32   24   -1   -1   -1
  24      98     62    23   31   32   -1   -1   -1   -1   -1
  25       0     73    -1   -1   35   36   26   18   17   -1
  26      14     73    25   35   36   37   27   19   18   17
  27      28     73    26   36   37   38   28   20   19   18
  28      42     73    27   37   38   39   29   21   20   19
  29      56     73    28   38   39   -1   -1   -1   21   20
  30      70     73    -1   -1   40   41   31   23   22   -1
  31      84     73    30   40   41   42   32   24   23   22
  32      98     73    31   41   42   43   33   -1   24   23
  33     112     73    32   42   43   44   34   -1   -1   -1
  34     126     73    33   43   44   -1   -1   -1   -1   -1
  35       0     84    -1   -1   47   48   36   26   25   -1
  36      14     84    35   47   48   49   37   27   26   25
  37      28     84    36   48   49   50   38   28   27   26
  38      42     84    37   49   50   51   39   29   28   27
  39      56     84    38   50   51   -1   40   -1   29   28
  40      70     84    39   51   52   53   41   31   30   -1
  41      84     84    40   52   53   54   42   32   31   30
  42      98     84    41   53   54   55   43   33   32   31
  43     112     84    42   54   55   56   44   34   33   32
  44     126     84    43   55   56   57   45   -1   34   33
  45     140     84    44   56   57   58   46   -1   -1   -1
  46     154     84    45   57   58   -1   -1   -1   -1   -1
  47       0     95    -1   -1   59   60   48   36   35   -1
  48      14     95    47   59   60   61   49   37   36   35
  49      28     95    48   60   61   62   50   38   37   36
  50      42     95    49   61   62   63   51   39   38   37
  51      56     95    50   62   63   -1   -1   40   39   38
  52      70     95    -1   -1   -1   -1   53   41   40   -1
  53      84     95    52   -1   65   66   54   42   41   40
  54      98     95    53   65   66   67   55   43   42   41
  55     112     95    54   66   67   68   56   44   43   42
  56     126     95    55   67   68   69   57   45   44   43
  57     140     95    56   68   69   70   58   46   45   44
  58     154     95    57   69   70   -1   -1   -1   46   45
  59       0    106    -1   -1   72   73   60   48   47   -1
  60      14    106    59   72   73   74   61   49   48   47
  61      28    106    60   73   74   75   62   50   49   48
  62      42    106    61   74   75   76   63   51   50   49
  63      56    106    62   75   76   77   64   -1   51   50
  64      70    106    63   76   77   -1   -1   -1   -1   -1
  65      84    106    -1   -1   -1   -1   66   54   53   -1
  66      98    106    65   -1   79   80   67   55   54   53
  67     112    106    66   79   80   81   68   56   55   54
  68     126    106    67   80   81   82   69   57   56   55
  69     140    106    68   81   82   83   70   58   57   56
  70     154    106    69   82   83   84   71   -1   58   57
  71     168    106    70   83   84   -1   -1   -1   -1   -1
  72       0    117    -1   -1   94   95   73   60   59   -1
  73      14    117    72   94   95   96   74   61   60   59
  74      28    117    73   95   96   97   75   62   61   60
  75      42    117    74   96   97   98   76   63   62   61
  76      56    117    75   97   98   99   77   64   63   62
  77      70    117    76   98   99  100   78   -1   64   63
  78      84    117    77   99  100   -1   -1   -1   -1   -1
  79      98    117    -1   -1  101  102   80   67   66   -1
  80     112    117    79  101  102  103   81   68   67   66
  81     126    117    80  102  103  104   82   69   68   67
  82     140    117    81  103  104  105   83   70   69   68
  83     154    117    82  104  105  106   84   71   70   69
  84     168    117    83  105  106  107   85   -1   71   70
  85     182    117    84  106  107  108   86   -1   -1   -1
  86     196    117    85  107  108  109   87   -1   -1   -1
  87     210    117    86  108  109  110   88   -1   -1   -1
  88     224    117    87  109  110   -1   -1   -1   -1   -1
  89     266    117    -1   -1  113   -1   -1   -1   -1   -1
  90     280    117    -1   -1  114  115   91   -1   -1   -1
  91     294    117    90  114  115  116   92   -1   -1   -1
  92     308    117    91  115  116  117   93   -1   -1   -1
  93     322    117    92  116  117   -1   -1   -1   -1   -1
  94       0    128    -1   -1  118  119   95   73   72   -1
  95      14    128    94  118  119  120   96   74   73   72
  96      28    128    95  119  120  121   97   75   74   73
  97      42    128    96  120  121  122   98   76   75   74
  98      56    128    97  121  122  123   99   77   76   75
  99      70    128    98  122  123  124  100   78   77   76
 100      84    128    99  123  124  125  101   -1   78   77
 101      98    128   100  124  125  126  102   80   79   -1
 102     112    128   101  125  126  127  103   81   80   79
 103     126    128   102  126  127  128  104   82   81   80
 104     140    128   103  127  128  129  105   83   82   81
 105     154    128   104  128  129  130  106   84   83   82
 106     168    128   105  129  130  131  107   85   84   83
 107     182    128   106  130  131  132  108   86   85   84
 108     196    128   107  131  132  133  109   87   86   85
 109     210    128   108  132  133  134  110   88   87   86
 110     224    128   109  133  134  135  111   -1   88   87
 111     238    128   110  134  135  136  112   -1   -1   -1
 112     252    128   111  135  136  137  113   -1   -1   -1
 113     266    128   112  136  137  138  114   -1   89   -1
 114     280    128   113  137  138  139  115   91   90   -1
 115     294    128   114  138  139  140  116   92   91   90
 116     308    128   115  139  140  141  117   93   92   91
 117     322    128   116  140  141   -1   -1   -1   93   92
 118       0    139    -1   -1  142  143  119   95   94   -1
 119      14    139   118  142  143  144  120   96   95   94
 120      28    139   119  143  144  145  121   97   96   95
 121      42    139   120  144  145  146  122   98   97   96
 122      56    139   121  145  146  147  123   99   98   97
 123      70    139   122  146  147  148  124  100   99   98
 124      84    139   123  147  148  149  125  101  100   99
 125      98    139   124  148  149  150  126  102  101  100
 126     112    139   125  149  150  151  127  103  102  101
 127     126    139   126  150  151  152  128  104  103  102
 128     140    139   127  151  152  153  129  105  104  103
 129     154    139   128  152  153  154  130  106  105  104
 130     168    139   129  153  154  155  131  107  106  105
 131     182    139   130  154  155  156  132  108  107  106
 132     196    139   131  155  156  157  133  109  108  107
 133     210    139   132  156  157  158  134  110  109  108
 134     224    139   133  157  158   -1  135  111  110  109
 135     238    139   134   -1  159  160  136  112  111  110
 136     252    139   135  159  160  161  137  113  112  111
 137     266    139   136  160  161  162  138  114  113  112
 138     280    139   137  161  162  163  139  115  114  113
 139     294    139   138  162  163  164  140  116  115  114
 140     308    139   139  163  164  165  141  117  116  115
 141     322    139   140  164  165   -1   -1   -1  117  116
 142       0    150    -1   -1  166  167  143  119  118   -1
 143      14    150   142  166  167  168  144  120  119  118
 144      28    150   143  167  168  169  145  121  120  119
 145      42    150   144  168  169  170  146  122  121  120
 146      56    150   145  169  170  171  147  123  122  121
 147      70    150   146  170  171  172  148  124  123  122
 148      84    150   147  171  172  173  149  125  124  123
 149      98    150   148  172  173  174  150  126  125  124
 150     112    150   149  173  174  175  151  127  126  125
 151     126    150   150  174  175  176  152  128  127  126
 152     140    150   151  175  176   -1  153  129  128  127
 153     154    150   152   -1   -1   -1  154  130  129  128
 154     168    150   153   -1  178  179  155  131  130  129
 155     182    150   154   -1  179  180  156  132  131  130
 156     196    150   155  179  180  181  157  133  132  131
 157     210    150   156  180  181  182  158  134  133  132
 158     224    150   157  181  182  183  159   -1  134  133
 159     238    150   158  182  183  184  160  136  135   -1
 160     252    150   159  183  184  185  161  137  136  135
 161     266    150   160  184  185  186  162  138  137  136
 162     280    150   161  185  186  187  163  139  138  137
 163     294    150   162  186  187  188  164  140  139  138
 164     308    150   163  187  188  189  165  141  140  139
 165     322    150   164  188  189   -1   -1   -1  141  140
 166       0    161    -1   -1  190  191  167  143  142   -1
 167      14    161   166  190  191  192  168  144  143  142
 168      28    161   167  191  192  193  169  145  144  143
 169      42    161   168  192  193  194  170  146  145  144
 170      56    161   169  193  194  195  171  147  146  145
 171      70    161   170  194  195  196  172  148  147  146
 172      84    161   171  195  196  197  173  149  148  147
 173      98    161   172  196  197  198  174  150  149  148
 174     112    161   173  197  198  199  175  151  150  149
 175     126    161   174  198  199  200  176  152  151  150
 176     140    161   175  199  200  201  177   -1  152  151
 177     154    161   176  200  201  202  178   -1   -1   -1
 178     168    161   177  201  202  203  179   -1  154   -1
 179     182    161   178  202  203  204  180  156  155  154
 180     196    161   179  203  204  205  181  157  156  155
 181     210    161   180  204  205  206  182  158  157  156
 182     224    161   181  205  206  207  183  159  158  157
 183     238    161   182  206  207  208  184  160  159  158
 184     252    161   183  207  208  209  185  161  160  159
 185     266    161   184  208  209  210  186  162  161  160
 186     280    161   185  209  210  211  187  163  162  161
 187     294    161   186  210  211  212  188  164  163  162
 188     308    161   187  211  212  213  189  165  164  163
 189     322    161   188  212  213   -1   -1   -1  165  164
 190       0    172    -1   -1  214  215  191  167  166   -1
 191      14    172   190  214  215  216  192  168  167  166
 192      28    172   191  215  216  217  193  169  168  167
 193      42    172   192  216  217  218  194  170  169  168
 194      56    172   193  217  218  219  195  171  170  169
 195      70    172   194  218  219  220  196  172  171  170
 196      84    172   195  219  220  221  197  173  172  171
 197      98    172   196  220  221  222  198  174  173  172
 198     112    172   197  221  222  223  199  175  174  173
 199     126    172   198  222  223  224  200  176  175  174
 200     140    172   199  223  224  225  201  177  176  175
 201     154    172   200  224  225  226  202  178  177  176
 202     168    172   201  225  226  227  203  179  178  177
 203     182    172   202  226  227  228  204  180  179  178
 204     196    172   203  227  228  229  205  181  180  179
 205     210    172   204  228  229  230  206  182  181  180
 206     224    172   205  229  230  231  207  183  182  181
 207     238    172   206  230  231  232  208  184  183  182
 208     252    172   207  231  232  233  209  185  184  183
 209     266    172   208  232  233  234  210  186  185  184
 210     280    172   209  233  234  235  211  187  186  185
 211     294    172   210  234  235  236  212  188  187  186
 212     308    172   211  235  236  237  213  189  188  187
 213     322    172   212  236  237   -1   -1   -1  189  188
 214       0    183    -1   -1   -1   -1  215  191  190   -1
 215      14    183   214   -1   -1   -1  216  192  191  190
 216      28    183   215   -1   -1   -1  217  193  192  191
 217      42    183   216   -1   -1   -1  218  194  193  192
 218      56    183   217   -1   -1   -1  219  195  194  193
 219      70    183   218   -1   -1   -1  220  196  195  194
 220      84    183   219   -1   -1   -1  221  197  196  195
 221      98    183   220   -1   -1   -1  222  198  197  196
 222     112    183   221   -1   -1   -1  223  199  198  197
 223     126    183   222   -1   -1   -1  224  200  199  198
 224     140    183   223   -1   -1   -1  225  201  200  199
 225     154    183   224   -1   -1   -1  226  202  201  200
 226     168    183   225   -1   -1   -1  227  203  202  201
 227     182    183   226   -1   -1   -1  228  204  203  202
 228     196    183   227   -1   -1   -1  229  205  204  203
 229     210    183   228   -1   -1   -1  230  206  205  204
 230     224    183   229   -1   -1   -1  231  207  206  205
 231     238    183   230   -1   -1   -1  232  208  207  206
 232     252    183   231   -1   -1   -1  233  209  208  207
 233     266    183   232   -1   -1   -1  234  210  209  208
 234     280    183   233   -1   -1   -1  235  211  210  209
 235     294    183   234   -1   -1   -1  236  212  211  210
 236     308    183   235   -1   -1   -1  237  213  212  211
 237     322    183   236   -1   -1   -1   -1   -1  213  212
